// Jest Snapshot v1, https://goo.gl/fbAQLP

exports[`<Menu /> should render the correctly background-color menu 1`] = `
.c0 {
  height: 6.4rem;
  width: 100%;
  overflow: hidden;
  padding: 0.8rem 1.6rem;
  margin-bottom: 0.8rem;
  min-width: 450px;
  z-index: 20;
  position: -webkit-sticky;
  position: sticky;
  top: 0;
  background-color: #ff8a80;
  display: -webkit-box;
  display: -webkit-flex;
  display: -ms-flexbox;
  display: flex;
  -webkit-align-items: center;
  -webkit-box-align: center;
  -ms-flex-align: center;
  align-items: center;
  -webkit-box-pack: center;
  -webkit-justify-content: center;
  -ms-flex-pack: center;
  justify-content: center;
  -webkit-backdrop-filter: saturate(180%) blur(0.2rem);
  backdrop-filter: saturate(180%) blur(0.2rem);
  box-shadow: 0 0 40px 8px rgb(0 0 0 / 18%);
}

.c0 img {
  cursor: pointer;
}

<header
  class="c0"
/>
`
