// Jest Snapshot v1, https://goo.gl/fbAQLP

exports[`<PokemonStatus /> should render the heading 1`] = `
<main
  class=""
>
  <h1>
    PokemonStatus
  </h1>
</main>
`;
