// Jest Snapshot v1, https://goo.gl/fbAQLP

exports[`<PokemonStats /> should render the PokemonStats correctly 1`] = `
.c0 {
  display: -webkit-box;
  display: -webkit-flex;
  display: -ms-flexbox;
  display: flex;
  width: 100%;
  padding-left: 2rem;
  font-size: 2.0rem;
  cursor: default;
}

.c1 {
  display: -webkit-box;
  display: -webkit-flex;
  display: -ms-flexbox;
  display: flex;
  -webkit-box-pack: center;
  -webkit-justify-content: center;
  -ms-flex-pack: center;
  justify-content: center;
  -webkit-align-items: center;
  -webkit-box-align: center;
  -ms-flex-align: center;
  align-items: center;
  width: 100%;
  padding-right: 5rem;
}

.c2 {
  height: 100%;
  margin-bottom: 1rem;
  line-height: 1.5;
  color: #505050;
  border-collapse: collapse;
  text-transform: capitalize;
}

.c2 td {
  padding: 0.8rem;
  vertical-align: center;
}

.c2 td:first-child {
  font-weight: 600;
  text-align: right;
  width: 8rem;
  vertical-align: top;
  padding-right: 2rem;
}

.c3 {
  border-radius: 5rem;
  font-weight: 700;
  text-align: center;
  font-size: 1.6rem;
  line-height: 1.7;
  border: 1px solid transparent;
  padding: 0.4rem 0.8rem;
  color: #505050;
  background-color: #f2f3f5;
  color: #fff;
  background-color: #ff8a80;
  -webkit-transition: background-color 1s ease-in-out,width 1.5s ease-in-out,color 0.5s ease-in;
  transition: background-color 1s ease-in-out,width 1.5s ease-in-out,color 0.5s ease-in;
}

.c3:focus {
  outline: 0;
}

.c4 {
  border-radius: 5rem;
  font-weight: 700;
  text-align: center;
  font-size: 1.6rem;
  line-height: 1.7;
  border: 1px solid transparent;
  padding: 0.4rem 0.8rem;
  color: #505050;
  background-color: #f2f3f5;
}

.c4:focus {
  outline: 0;
}

@media (min-width:980px) {
  .c0 {
    -webkit-perspective: 35rem;
    -moz-perspective: 35rem;
    -ms-perspective: 35rem;
    perspective: 35rem;
  }
}

@media (max-width:980px) {
  .c0 {
    margin-top: 5rem;
  }
}

@media (min-width:980px) {
  .c1 {
    -webkit-transform: rotateY(-30deg);
    -ms-transform: rotateY(-30deg);
    transform: rotateY(-30deg);
    -webkit-transition: 0.4s;
    transition: 0.4s;
  }

  .c1:hover {
    -webkit-transform: rotateY(0);
    -ms-transform: rotateY(0);
    transform: rotateY(0);
  }
}

<section
  class="c0"
>
  <div
    class="c1"
  >
    <table
      class="c2"
    >
      <tbody>
        <tr>
          <th />
          <th>
            <button
              aria-label="button base"
              class="c3"
            >
              Base
            </button>
          </th>
          <th>
            <button
              aria-label="button min"
              class="c4"
            >
              Min
            </button>
          </th>
          <th>
            <button
              aria-label="button max"
              class="c4"
            >
              Max
            </button>
          </th>
        </tr>
        <tr>
          <td
            colspan="1"
          >
            hp
          </td>
          <td
            colspan="3"
          >
            <img
              data-testid="Mock ProgressBarPokemon"
            />
          </td>
        </tr>
        <tr>
          <td
            colspan="1"
          >
            attack
          </td>
          <td
            colspan="3"
          >
            <img
              data-testid="Mock ProgressBarPokemon"
            />
          </td>
        </tr>
        <tr>
          <td
            colspan="1"
          >
            defense
          </td>
          <td
            colspan="3"
          >
            <img
              data-testid="Mock ProgressBarPokemon"
            />
          </td>
        </tr>
        <tr>
          <td
            colspan="1"
          >
            Sp.attack
          </td>
          <td
            colspan="3"
          >
            <img
              data-testid="Mock ProgressBarPokemon"
            />
          </td>
        </tr>
        <tr>
          <td
            colspan="1"
          >
            Sp.defense
          </td>
          <td
            colspan="3"
          >
            <img
              data-testid="Mock ProgressBarPokemon"
            />
          </td>
        </tr>
        <tr>
          <td
            colspan="1"
          >
            speed
          </td>
          <td
            colspan="3"
          >
            <img
              data-testid="Mock ProgressBarPokemon"
            />
          </td>
        </tr>
        <tr>
          <td>
            Total
          </td>
          <td>
            664
          </td>
        </tr>
      </tbody>
    </table>
  </div>
</section>
`;
